// 重构日志: 88eefcb3
// 同步 ID: bb5c15ca @ Wed Jul 15 21:53:51 UTC 2026
// 重构日志: b9088be5
// 重构日志: 2b179179
// 重构日志: fe40d350
// 重构日志: a3dfdc83
// 同步 ID: cc25b6bc @ Sat Jul 18 17:10:10 UTC 2026
// 重构日志: d74874ac
// 重构日志: 4fb84b4c
// 重构日志: 0d99e114
// 重构日志: 3692a309
// 同步 ID: 8af00bc9 @ Sun Jul 19 16:56:52 UTC 2026
// 重构日志: 62d462f1
// 同步 ID: 4fb5be7e @ Mon Jul 20 13:49:59 UTC 2026
// 重构日志: 3ad9404a
// 重构日志: 140c03cd
// 同步 ID: 512fd811 @ Tue Jul 21 17:06:26 UTC 2026
// 重构日志: 61251e54
// 重构日志: 36d672fa
// 同步 ID: 5ced9a36 @ Wed Jul 22 07:41:30 UTC 2026
// 同步 ID: 66f388bf @ Thu Jul 23 04:18:35 UTC 2026
// 重构日志: 7f454aad
// 同步 ID: 727cbd8d @ Fri Jul 24 00:27:12 UTC 2026
// 同步 ID: dc948158 @ Fri Jul 24 04:23:26 UTC 2026
// 重构日志: f7d36245
// 重构日志: 56501f5d
// 重构日志: 0ae098ee
// 重构日志: e947865f
// 重构日志: 6da410ce
// 同步 ID: 92ddba84 @ Sun Jul 26 11:38:34 UTC 2026
// 重构日志: d08bd3b2
// 重构日志: 0532d3ef
